Microsoft (R) Macro Assembler Version 6.15.8803		    10/08/18 08:16:31
vankins.asm						     Page 1 - 1


				.386
				.MODEL FLAT

				ExitProcess PROTO NEAR32 stdcall, dwExitCode:DWORD

				INCLUDE debug.h
			      C INCLUDE io.h
			      C ; IO.H -- header file for I/O macros
			      C ; 32-bit version for flat memory model
			      C ; R. Detmer   last revised 8/2000
			      C .NOLIST     ; turn off listing
			      C .LIST        ; begin listing
			      C 
			      C 
 = 0000000D		      C CR          EQU    0Dh   ; carriage return character
 = 0000000A		      C LF          EQU    0Ah   ; linefeed character
			      C 
 00000000		      C .DATA
 00000000 0D 0A 00	      C carriage    BYTE     CR, LF, 0
 00000003  0000000D [	      C text        BYTE     13 DUP(?)
	    00
	   ]
			      C 
			      C outputW    	MACRO   var
			      C                    itoa text, var
			      C                    output text
			      C                    output carriage
			      C                 ENDM
			      C 
			      C outputD  	MACRO  var
			      C                    dtoa text, var
			      C                    output text
			      C                    output carriage
			      C          	ENDM
			      C 
			      C inputW          MACRO  prompt, location
			      C                    output prompt
			      C                    input text, 8
			      C                    atoi text
			      C                    mov location, ax
			      C                 ENDM
			      C 
			      C inputD          MACRO  prompt, location
			      C                    output prompt
			      C                    input text, 13
			      C                    atod text
			      C                    mov location, eax
			      C                 ENDM
			      C 

				.STACK 4096


 00000010			.DATA


 00000010 41 42 43 44 00	prompt_a BYTE "ABCD" , 0
 00000015 42 42 42 42 00	prompt_b BYTE "BBBB" , 0
 0000001A 08 0D 0A 00		new_line BYTE 8 , CR, LF, 0
 0000001E  00000005 [		txt BYTE SIZEOF prompt_a DUP(0)
	    00
	   ]


 00000000			.CODE
 00000000			_start:
 00000000				
 00000000  B9 00000000			mov ecx , 0




					;lea esi , prompt_a
					;lea edi , txt
 00000005  8D 1D 00000010 R		lea ebx , prompt_a
 0000000B  8D 15 0000001E R		lea edx , txt
 00000011			while_loop:
					;mov al , [esi]
					;mov [edi], al
					;inc esi
					;inc edi

					;test al , al
					;jnz while_loop

 00000011  66| B8 0005			mov ax , 5
 00000015  B3 03			mov bl , 3
 00000017  F6 EB			imul bl
					outputW ax

					INVOKE ExitProcess, 0

 0000004F			PUBLIC _start
					END 
Microsoft (R) Macro Assembler Version 6.15.8803		    10/08/18 08:16:31
vankins.asm						     Symbols 2 - 1




Macros:

                N a m e                 Type

atod . . . . . . . . . . . . . .	Proc
atoi . . . . . . . . . . . . . .	Proc
dtoa . . . . . . . . . . . . . .	Proc
inputD . . . . . . . . . . . . .	Proc
inputW . . . . . . . . . . . . .	Proc
input  . . . . . . . . . . . . .	Proc
itoa . . . . . . . . . . . . . .	Proc
outputD  . . . . . . . . . . . .	Proc
outputW  . . . . . . . . . . . .	Proc
output . . . . . . . . . . . . .	Proc


Segments and Groups:

                N a m e                 Size     Length   Align   Combine Class

FLAT . . . . . . . . . . . . . .	GROUP
STACK  . . . . . . . . . . . . .	32 Bit	 00001000 DWord	  Stack	  'STACK'	 
_DATA  . . . . . . . . . . . . .	32 Bit	 00000023 DWord	  Public  'DATA'	
_TEXT  . . . . . . . . . . . . .	32 Bit	 0000004F DWord	  Public  'CODE'	


Procedures,  parameters and locals:

                N a m e                 Type     Value    Attr

$$$00001 . . . . . . . . . . . .	P Near	 00000000 _TEXT	Length= 0000004F Private
  while_loop . . . . . . . . . .	L Near	 00000011 _TEXT	
ExitProcess  . . . . . . . . . .	P Near	 00000000 FLAT	Length= 00000000 External STDCALL


Symbols:

                N a m e                 Type     Value    Attr

@CodeSize  . . . . . . . . . . .	Number	 00000000h   
@DataSize  . . . . . . . . . . .	Number	 00000000h   
@Interface . . . . . . . . . . .	Number	 00000000h   
@Model . . . . . . . . . . . . .	Number	 00000007h   
@code  . . . . . . . . . . . . .	Text   	 _TEXT
@data  . . . . . . . . . . . . .	Text   	 FLAT
@fardata?  . . . . . . . . . . .	Text   	 FLAT
@fardata . . . . . . . . . . . .	Text   	 FLAT
@stack . . . . . . . . . . . . .	Text   	 FLAT
CR . . . . . . . . . . . . . . .	Number	 0000000Dh   
LF . . . . . . . . . . . . . . .	Number	 0000000Ah   
_start . . . . . . . . . . . . .	L Near	 00000000 _TEXT	Public
atodproc . . . . . . . . . . . .	L Near	 00000000 FLAT	External
atoiproc . . . . . . . . . . . .	L Near	 00000000 FLAT	External
carriage . . . . . . . . . . . .	Byte	 00000000 _DATA	
dtoaproc . . . . . . . . . . . .	L Near	 00000000 FLAT	External
inproc . . . . . . . . . . . . .	L Near	 00000000 FLAT	External
itoaproc . . . . . . . . . . . .	L Near	 00000000 FLAT	External
new_line . . . . . . . . . . . .	Byte	 0000001A _DATA	
outproc  . . . . . . . . . . . .	L Near	 00000000 FLAT	External
prompt_a . . . . . . . . . . . .	Byte	 00000010 _DATA	
prompt_b . . . . . . . . . . . .	Byte	 00000015 _DATA	
text . . . . . . . . . . . . . .	Byte	 00000003 _DATA	
txt  . . . . . . . . . . . . . .	Byte	 0000001E _DATA	
while_loop . . . . . . . . . . .	L Near	 00000011 _TEXT	

	   0 Warnings
	   0 Errors
